// Jest Snapshot v1, https://goo.gl/fbAQLP

exports[`Test defaultLabels0 SVG 1`] = `"<div style=\\"width: 600px; height: 200px;\\"><svg preserveAspectRatio=\\"none\\" width=\\"100%\\" height=\\"100%\\" viewBox=\\"0 0 600 200\\"><g><g id=\\"mockID\\" class=\\"chrt-axis chrt-x-axis\\" transform=\\"translate(0,180)\\"><line data-id=\\"tick-x-axis-line\\" stroke=\\"#000\\" stroke-width=\\"1\\" x1=\\"40\\" x2=\\"580\\" y1=\\"0\\" y2=\\"0\\"></line><g data-id=\\"tick-x-0\\" transform=\\"translate(40, 0)\\" style=\\"display: block;\\"><line stroke=\\"#000\\" stroke-width=\\"1\\" x1=\\"0\\" x2=\\"0\\" y1=\\"0\\" y2=\\"5\\"></line></g><g data-id=\\"tick-x-1\\" transform=\\"translate(100, 0)\\" style=\\"display: block;\\"><line stroke=\\"#000\\" stroke-width=\\"1\\" x1=\\"0\\" x2=\\"0\\" y1=\\"0\\" y2=\\"5\\"></line></g><g data-id=\\"tick-x-2\\" transform=\\"translate(160, 0)\\" style=\\"display: block;\\"><line stroke=\\"#000\\" stroke-width=\\"1\\" x1=\\"0\\" x2=\\"0\\" y1=\\"0\\" y2=\\"5\\"></line></g><g data-id=\\"tick-x-3\\" transform=\\"translate(220, 0)\\" style=\\"display: block;\\"><line stroke=\\"#000\\" stroke-width=\\"1\\" x1=\\"0\\" x2=\\"0\\" y1=\\"0\\" y2=\\"5\\"></line></g><g data-id=\\"tick-x-4\\" transform=\\"translate(280, 0)\\" style=\\"display: block;\\"><line stroke=\\"#000\\" stroke-width=\\"1\\" x1=\\"0\\" x2=\\"0\\" y1=\\"0\\" y2=\\"5\\"></line></g><g data-id=\\"tick-x-5\\" transform=\\"translate(340, 0)\\" style=\\"display: block;\\"><line stroke=\\"#000\\" stroke-width=\\"1\\" x1=\\"0\\" x2=\\"0\\" y1=\\"0\\" y2=\\"5\\"></line></g><g data-id=\\"tick-x-6\\" transform=\\"translate(400, 0)\\" style=\\"display: block;\\"><line stroke=\\"#000\\" stroke-width=\\"1\\" x1=\\"0\\" x2=\\"0\\" y1=\\"0\\" y2=\\"5\\"></line></g><g data-id=\\"tick-x-7\\" transform=\\"translate(460, 0)\\" style=\\"display: block;\\"><line stroke=\\"#000\\" stroke-width=\\"1\\" x1=\\"0\\" x2=\\"0\\" y1=\\"0\\" y2=\\"5\\"></line></g><g data-id=\\"tick-x-8\\" transform=\\"translate(520, 0)\\" style=\\"display: block;\\"><line stroke=\\"#000\\" stroke-width=\\"1\\" x1=\\"0\\" x2=\\"0\\" y1=\\"0\\" y2=\\"5\\"></line></g><g data-id=\\"tick-x-9\\" transform=\\"translate(580, 0)\\" style=\\"display: block;\\"><line stroke=\\"#000\\" stroke-width=\\"1\\" x1=\\"0\\" x2=\\"0\\" y1=\\"0\\" y2=\\"5\\"></line></g><g data-id=\\"label-x-0\\" transform=\\"translate(40, 0)\\" style=\\"display: block;\\"><text fill=\\"#000\\" text-anchor=\\"middle\\" y=\\"5\\" data-orientation=\\"1\\" dy=\\"1em\\">0</text></g><g data-id=\\"label-x-1\\" transform=\\"translate(100, 0)\\" style=\\"display: block;\\"><text fill=\\"#000\\" text-anchor=\\"middle\\" y=\\"5\\" data-orientation=\\"1\\" dy=\\"1em\\">1</text></g><g data-id=\\"label-x-2\\" transform=\\"translate(160, 0)\\" style=\\"display: block;\\"><text fill=\\"#000\\" text-anchor=\\"middle\\" y=\\"5\\" data-orientation=\\"1\\" dy=\\"1em\\">2</text></g><g data-id=\\"label-x-3\\" transform=\\"translate(220, 0)\\" style=\\"display: block;\\"><text fill=\\"#000\\" text-anchor=\\"middle\\" y=\\"5\\" data-orientation=\\"1\\" dy=\\"1em\\">3</text></g><g data-id=\\"label-x-4\\" transform=\\"translate(280, 0)\\" style=\\"display: block;\\"><text fill=\\"#000\\" text-anchor=\\"middle\\" y=\\"5\\" data-orientation=\\"1\\" dy=\\"1em\\">4</text></g><g data-id=\\"label-x-5\\" transform=\\"translate(340, 0)\\" style=\\"display: block;\\"><text fill=\\"#000\\" text-anchor=\\"middle\\" y=\\"5\\" data-orientation=\\"1\\" dy=\\"1em\\">5</text></g><g data-id=\\"label-x-6\\" transform=\\"translate(400, 0)\\" style=\\"display: block;\\"><text fill=\\"#000\\" text-anchor=\\"middle\\" y=\\"5\\" data-orientation=\\"1\\" dy=\\"1em\\">6</text></g><g data-id=\\"label-x-7\\" transform=\\"translate(460, 0)\\" style=\\"display: block;\\"><text fill=\\"#000\\" text-anchor=\\"middle\\" y=\\"5\\" data-orientation=\\"1\\" dy=\\"1em\\">7</text></g><g data-id=\\"label-x-8\\" transform=\\"translate(520, 0)\\" style=\\"display: block;\\"><text fill=\\"#000\\" text-anchor=\\"middle\\" y=\\"5\\" data-orientation=\\"1\\" dy=\\"1em\\">8</text></g><g data-id=\\"label-x-9\\" transform=\\"translate(580, 0)\\" style=\\"display: block;\\"><text fill=\\"#000\\" text-anchor=\\"middle\\" y=\\"5\\" data-orientation=\\"1\\" dy=\\"1em\\">9</text></g></g><g id=\\"mockID\\" class=\\"chrt-axis chrt-y-axis\\" transform=\\"translate(40,0)\\"><line data-id=\\"tick-y-axis-line\\" stroke=\\"#000\\" stroke-width=\\"1\\" x1=\\"0\\" x2=\\"0\\" y1=\\"20\\" y2=\\"180\\"></line><g data-id=\\"tick-y-0\\" transform=\\"translate(0, 180)\\" style=\\"display: block;\\"><line stroke=\\"#000\\" stroke-width=\\"1\\" x1=\\"0\\" x2=\\"-5\\"></line></g><g data-id=\\"tick-y-1\\" transform=\\"translate(0, 162.22222222222223)\\" style=\\"display: block;\\"><line stroke=\\"#000\\" stroke-width=\\"1\\" x1=\\"0\\" x2=\\"-5\\"></line></g><g data-id=\\"tick-y-2\\" transform=\\"translate(0, 144.44444444444446)\\" style=\\"display: block;\\"><line stroke=\\"#000\\" stroke-width=\\"1\\" x1=\\"0\\" x2=\\"-5\\"></line></g><g data-id=\\"tick-y-3\\" transform=\\"translate(0, 126.66666666666667)\\" style=\\"display: block;\\"><line stroke=\\"#000\\" stroke-width=\\"1\\" x1=\\"0\\" x2=\\"-5\\"></line></g><g data-id=\\"tick-y-4\\" transform=\\"translate(0, 108.88888888888889)\\" style=\\"display: block;\\"><line stroke=\\"#000\\" stroke-width=\\"1\\" x1=\\"0\\" x2=\\"-5\\"></line></g><g data-id=\\"tick-y-5\\" transform=\\"translate(0, 91.11111111111111)\\" style=\\"display: block;\\"><line stroke=\\"#000\\" stroke-width=\\"1\\" x1=\\"0\\" x2=\\"-5\\"></line></g><g data-id=\\"tick-y-6\\" transform=\\"translate(0, 73.33333333333334)\\" style=\\"display: block;\\"><line stroke=\\"#000\\" stroke-width=\\"1\\" x1=\\"0\\" x2=\\"-5\\"></line></g><g data-id=\\"tick-y-7\\" transform=\\"translate(0, 55.55555555555556)\\" style=\\"display: block;\\"><line stroke=\\"#000\\" stroke-width=\\"1\\" x1=\\"0\\" x2=\\"-5\\"></line></g><g data-id=\\"tick-y-8\\" transform=\\"translate(0, 37.77777777777777)\\" style=\\"display: block;\\"><line stroke=\\"#000\\" stroke-width=\\"1\\" x1=\\"0\\" x2=\\"-5\\"></line></g><g data-id=\\"tick-y-9\\" transform=\\"translate(0, 20)\\" style=\\"display: block;\\"><line stroke=\\"#000\\" stroke-width=\\"1\\" x1=\\"0\\" x2=\\"-5\\"></line></g><g data-id=\\"label-y-0\\" transform=\\"translate(0, 180)\\" style=\\"display: block;\\"><text fill=\\"#000\\" text-anchor=\\"end\\" x=\\"-5\\" dx=\\"-5px\\" dy=\\"0.25em\\">0</text></g><g data-id=\\"label-y-1\\" transform=\\"translate(0, 162.22222222222223)\\" style=\\"display: block;\\"><text fill=\\"#000\\" text-anchor=\\"end\\" x=\\"-5\\" dx=\\"-5px\\" dy=\\"0.25em\\">1</text></g><g data-id=\\"label-y-2\\" transform=\\"translate(0, 144.44444444444446)\\" style=\\"display: block;\\"><text fill=\\"#000\\" text-anchor=\\"end\\" x=\\"-5\\" dx=\\"-5px\\" dy=\\"0.25em\\">2</text></g><g data-id=\\"label-y-3\\" transform=\\"translate(0, 126.66666666666667)\\" style=\\"display: block;\\"><text fill=\\"#000\\" text-anchor=\\"end\\" x=\\"-5\\" dx=\\"-5px\\" dy=\\"0.25em\\">3</text></g><g data-id=\\"label-y-4\\" transform=\\"translate(0, 108.88888888888889)\\" style=\\"display: block;\\"><text fill=\\"#000\\" text-anchor=\\"end\\" x=\\"-5\\" dx=\\"-5px\\" dy=\\"0.25em\\">4</text></g><g data-id=\\"label-y-5\\" transform=\\"translate(0, 91.11111111111111)\\" style=\\"display: block;\\"><text fill=\\"#000\\" text-anchor=\\"end\\" x=\\"-5\\" dx=\\"-5px\\" dy=\\"0.25em\\">5</text></g><g data-id=\\"label-y-6\\" transform=\\"translate(0, 73.33333333333334)\\" style=\\"display: block;\\"><text fill=\\"#000\\" text-anchor=\\"end\\" x=\\"-5\\" dx=\\"-5px\\" dy=\\"0.25em\\">6</text></g><g data-id=\\"label-y-7\\" transform=\\"translate(0, 55.55555555555556)\\" style=\\"display: block;\\"><text fill=\\"#000\\" text-anchor=\\"end\\" x=\\"-5\\" dx=\\"-5px\\" dy=\\"0.25em\\">7</text></g><g data-id=\\"label-y-8\\" transform=\\"translate(0, 37.77777777777777)\\" style=\\"display: block;\\"><text fill=\\"#000\\" text-anchor=\\"end\\" x=\\"-5\\" dx=\\"-5px\\" dy=\\"0.25em\\">8</text></g><g data-id=\\"label-y-9\\" transform=\\"translate(0, 20)\\" style=\\"display: block;\\"><text fill=\\"#000\\" text-anchor=\\"end\\" x=\\"-5\\" dx=\\"-5px\\" dy=\\"0.25em\\">9</text></g></g><g id=\\"mockID\\" class=\\"chrt-points\\"><circle data-id=\\"circle--0\\" cx=\\"40\\" cy=\\"180\\" r=\\"5\\" fill=\\"#000\\" fill-opacity=\\"1\\" stroke=\\"#000\\" stroke-width=\\"0\\" stroke-opacity=\\"1\\"></circle><circle data-id=\\"circle--1\\" cx=\\"100\\" cy=\\"162.22222222222223\\" r=\\"5\\" fill=\\"#000\\" fill-opacity=\\"1\\" stroke=\\"#000\\" stroke-width=\\"0\\" stroke-opacity=\\"1\\"></circle><circle data-id=\\"circle--2\\" cx=\\"160\\" cy=\\"144.44444444444446\\" r=\\"5\\" fill=\\"#000\\" fill-opacity=\\"1\\" stroke=\\"#000\\" stroke-width=\\"0\\" stroke-opacity=\\"1\\"></circle><circle data-id=\\"circle--3\\" cx=\\"220\\" cy=\\"126.66666666666667\\" r=\\"5\\" fill=\\"#000\\" fill-opacity=\\"1\\" stroke=\\"#000\\" stroke-width=\\"0\\" stroke-opacity=\\"1\\"></circle><circle data-id=\\"circle--4\\" cx=\\"280\\" cy=\\"108.88888888888889\\" r=\\"5\\" fill=\\"#000\\" fill-opacity=\\"1\\" stroke=\\"#000\\" stroke-width=\\"0\\" stroke-opacity=\\"1\\"></circle><circle data-id=\\"circle--5\\" cx=\\"340\\" cy=\\"91.11111111111111\\" r=\\"5\\" fill=\\"#000\\" fill-opacity=\\"1\\" stroke=\\"#000\\" stroke-width=\\"0\\" stroke-opacity=\\"1\\"></circle><circle data-id=\\"circle--6\\" cx=\\"400\\" cy=\\"73.33333333333334\\" r=\\"5\\" fill=\\"#000\\" fill-opacity=\\"1\\" stroke=\\"#000\\" stroke-width=\\"0\\" stroke-opacity=\\"1\\"></circle><circle data-id=\\"circle--7\\" cx=\\"460\\" cy=\\"55.55555555555556\\" r=\\"5\\" fill=\\"#000\\" fill-opacity=\\"1\\" stroke=\\"#000\\" stroke-width=\\"0\\" stroke-opacity=\\"1\\"></circle><circle data-id=\\"circle--8\\" cx=\\"520\\" cy=\\"37.77777777777777\\" r=\\"5\\" fill=\\"#000\\" fill-opacity=\\"1\\" stroke=\\"#000\\" stroke-width=\\"0\\" stroke-opacity=\\"1\\"></circle><circle data-id=\\"circle--9\\" cx=\\"580\\" cy=\\"20\\" r=\\"5\\" fill=\\"#000\\" fill-opacity=\\"1\\" stroke=\\"#000\\" stroke-width=\\"0\\" stroke-opacity=\\"1\\"></circle></g><g id=\\"mockID\\" class=\\"chrt-label\\" transform=\\"translate(40, 175)\\"><text data-id=\\"label-0\\" fill=\\"#000\\" text-anchor=\\"middle\\" dominant-baseline=\\"text-after-edge\\">0</text></g><g id=\\"mockID\\" class=\\"chrt-label\\" transform=\\"translate(100, 157.22222222222223)\\"><text data-id=\\"label-1\\" fill=\\"#000\\" text-anchor=\\"middle\\" dominant-baseline=\\"text-after-edge\\">1</text></g><g id=\\"mockID\\" class=\\"chrt-label\\" transform=\\"translate(160, 139.44444444444446)\\"><text data-id=\\"label-2\\" fill=\\"#000\\" text-anchor=\\"middle\\" dominant-baseline=\\"text-after-edge\\">2</text></g><g id=\\"mockID\\" class=\\"chrt-label\\" transform=\\"translate(220, 121.66666666666667)\\"><text data-id=\\"label-3\\" fill=\\"#000\\" text-anchor=\\"middle\\" dominant-baseline=\\"text-after-edge\\">3</text></g><g id=\\"mockID\\" class=\\"chrt-label\\" transform=\\"translate(280, 103.88888888888889)\\"><text data-id=\\"label-4\\" fill=\\"#000\\" text-anchor=\\"middle\\" dominant-baseline=\\"text-after-edge\\">4</text></g><g id=\\"mockID\\" class=\\"chrt-label\\" transform=\\"translate(340, 86.11111111111111)\\"><text data-id=\\"label-5\\" fill=\\"#000\\" text-anchor=\\"middle\\" dominant-baseline=\\"text-after-edge\\">5</text></g><g id=\\"mockID\\" class=\\"chrt-label\\" transform=\\"translate(400, 68.33333333333334)\\"><text data-id=\\"label-6\\" fill=\\"#000\\" text-anchor=\\"middle\\" dominant-baseline=\\"text-after-edge\\">6</text></g><g id=\\"mockID\\" class=\\"chrt-label\\" transform=\\"translate(460, 50.55555555555556)\\"><text data-id=\\"label-7\\" fill=\\"#000\\" text-anchor=\\"middle\\" dominant-baseline=\\"text-after-edge\\">7</text></g><g id=\\"mockID\\" class=\\"chrt-label\\" transform=\\"translate(520, 32.77777777777777)\\"><text data-id=\\"label-8\\" fill=\\"#000\\" text-anchor=\\"middle\\" dominant-baseline=\\"text-after-edge\\">8</text></g><g id=\\"mockID\\" class=\\"chrt-label\\" transform=\\"translate(580, 15)\\"><text data-id=\\"label-9\\" fill=\\"#000\\" text-anchor=\\"middle\\" dominant-baseline=\\"text-after-edge\\">9</text></g></g></svg></div>"`;
